// Jest Snapshot v1, https://goo.gl/fbAQLP

exports[`<ImageComp /> Should render the heading 1`] = `
<div
  class="lazyload-wrapper "
>
  <img
    alt="pudim"
    src="http://pudim.com.br/pudim.jpg"
  />
</div>
`;
